// Jest Snapshot v1, https://goo.gl/fbAQLP

exports[`tests snapshot 1`] = `
<div>
  <div>
    <header
      className="MuiPaper-root-353 MuiPaper-elevation4-359 MuiAppBar-root-344 MuiAppBar-positionFixed-345 MuiAppBar-colorPrimary-351 mui-fixed"
    >
      <div
        className="MuiToolbar-root-380 MuiToolbar-regular-382 MuiToolbar-gutters-381"
      >
        <div
          className="Navbar-grow-342"
        >
          <img
            alt="WeTrust"
            className="Navbar-brandImage-343"
            src="wetrust-logo.svg"
          />
        </div>
        <ul
          className="MuiList-root-390 MuiList-padding-391"
        >
          <div
            className="Web3Account-accountContainer-388"
          >
            <div
              className="Web3Account-accountImageWrapper-389"
            >
              <img
                alt="metamask fox icon"
                height={21}
                src="meta-mask-logo.png"
                width={21}
              />
            </div>
            <div>
              <p
                className="MuiTypography-root-394 MuiTypography-body1-403 Web3Account-accountText-386"
              >
                Connect to Custom network
              </p>
            </div>
          </div>
        </ul>
      </div>
    </header>
  </div>
  <div
    className="Section-root-432 Section-light-434 TopSection-root-430"
    id="top-section"
  >
    <h4
      className="MuiTypography-root-394 MuiTypography-h4-409 MuiTypography-colorSecondary-425 MuiTypography-alignCenter-417 SectionHeader-container-435"
    >
      Help curate the SPRING directory
    </h4>
    <div
      className="MuiGrid-container-436 MuiGrid-justify-xs-center-453 TopSection-container-431"
    >
      <h6
        className="MuiTypography-root-394 MuiTypography-h6-411 MuiTypography-alignCenter-417"
      >
        As a decentralized donation platform, Spring allows Trustcoin token holders to decide which causes are highly ranked, and a way to add new causes to the platform
      </h6>
    </div>
  </div>
  <div
    className="Section-root-432 Section-dark-433"
  >
    <div
      className="MuiGrid-container-436 MuiGrid-justify-xs-center-453 WhyStakingSection-container-533"
    >
      <div
        className="MuiGrid-item-437 MuiGrid-grid-xs-12-476 MuiGrid-grid-sm-12-490 MuiGrid-grid-md-4-496 WhyStakingSection-gridItem-534"
      >
        <div>
          <img
            alt="increase-your-rank"
            src="icon-increase-rank.svg"
          />
        </div>
        <br />
        <h5
          className="MuiTypography-root-394 MuiTypography-h5-410"
        >
          Increase your Rank on the SPRING directory
        </h5>
        <br />
        <h6
          className="MuiTypography-root-394 MuiTypography-h6-411"
        >
          Stake your Trustcoin to help your favorite Cause more visible on SPRING. Causes with the most stake assigned to them will receive higher ranking on SPRING.
        </h6>
      </div>
      <div
        className="MuiGrid-item-437 MuiGrid-grid-xs-12-476 MuiGrid-grid-sm-12-490 MuiGrid-grid-md-4-496 WhyStakingSection-gridItem-534 WhyStakingSection-midItem-535"
      >
        <div>
          <img
            alt="buy-trst"
            src="icon-buy-trst.svg"
          />
        </div>
        <br />
        <h5
          className="MuiTypography-root-394 MuiTypography-h5-410"
        >
          How to get Trustcoin
        </h5>
        <br />
        <h6
          className="MuiTypography-root-394 MuiTypography-h6-411"
        >
          Please visit the following to obtain Trustcoin.
        </h6>
        <br />
        <div>
          <a
            href="https://www.bancor.network/"
            rel="noopener noreferrer"
            target="_blank"
          >
            <img
              alt="bancor"
              src="bancor.png"
            />
          </a>
        </div>
      </div>
      <div
        className="MuiGrid-item-437 MuiGrid-grid-xs-12-476 MuiGrid-grid-sm-12-490 MuiGrid-grid-md-4-496 WhyStakingSection-gridItem-534"
      >
        <div>
          <img
            alt="nominate"
            src="icon-nominate.svg"
          />
        </div>
        <br />
        <h5
          className="MuiTypography-root-394 MuiTypography-h5-410"
        >
          Nominate any organization
        </h5>
        <br />
        <h6
          className="MuiTypography-root-394 MuiTypography-h6-411"
        >
          Stake your Trustcoin to nominate and reserve the top spot for your favorite Cause. Nominated Causes that have assigned Trustcoins will automatically receive preferential placement upon joining.
        </h6>
      </div>
    </div>
  </div>
  <div
    className="Section-root-432 Section-light-434"
    id="main-section"
  >
    <h4
      className="MuiTypography-root-394 MuiTypography-h4-409 MuiTypography-colorSecondary-425 MuiTypography-alignCenter-417 SectionHeader-container-435"
    >
      Start staking
    </h4>
    <div
      className="StakeNow-root-536"
    >
      <div
        aria-expanded={false}
        aria-haspopup="listbox"
        aria-labelledby="downshift-1-label"
        aria-owns={null}
        className="SearchInput-container-538"
        role="combobox"
      >
        <div
          className="MuiFormControl-root-540 MuiFormControl-marginNormal-541 MuiFormControl-fullWidth-543"
        >
          <div
            aria-activedescendant={null}
            aria-autocomplete="list"
            aria-controls={null}
            aria-labelledby="downshift-1-label"
            className="MuiInputBase-root-557 MuiInput-root-544 MuiInputBase-fullWidth-566 MuiInput-fullWidth-551 MuiInputBase-formControl-558 MuiInput-formControl-545"
            onClick={[Function]}
          >
            <input
              aria-invalid={false}
              autoComplete="off"
              className="MuiInputBase-input-567 MuiInput-input-552 MuiInputBase-inputType-570 MuiInput-inputType-555 MuiInputBase-inputTypeSearch-571 MuiInput-inputTypeSearch-556"
              disabled={false}
              id="downshift-1-input"
              onBlur={[Function]}
              onChange={[Function]}
              onFocus={[Function]}
              onKeyDown={[Function]}
              placeholder="Search cause name"
              required={false}
              type="search"
              value=""
            />
          </div>
        </div>
      </div>
      <div
        className="MuiGrid-container-436 MuiGrid-justify-xs-center-453 StakeNow-gridRowButton-537"
      >
        <div
          className="MuiGrid-item-437 MuiGrid-grid-xs-10-474 MuiGrid-grid-sm-8-486 MuiGrid-grid-md-4-496"
        >
          <button
            className="MuiButtonBase-root-600 MuiButton-root-574 MuiButton-contained-585 MuiButton-containedPrimary-586 MuiButton-raised-588 MuiButton-raisedPrimary-589 MuiButton-sizeLarge-598 MuiButton-fullWidth-599"
            disabled={false}
            onBlur={[Function]}
            onClick={[Function]}
            onContextMenu={[Function]}
            onFocus={[Function]}
            onKeyDown={[Function]}
            onKeyUp={[Function]}
            onMouseDown={[Function]}
            onMouseLeave={[Function]}
            onMouseUp={[Function]}
            onTouchEnd={[Function]}
            onTouchMove={[Function]}
            onTouchStart={[Function]}
            tabIndex="0"
            type="button"
          >
            <span
              className="MuiButton-label-575"
            >
              Stake Now
            </span>
            <span
              className="MuiTouchRipple-root-676"
            />
          </button>
        </div>
      </div>
    </div>
    <div
      className="MuiGrid-container-436 MuiGrid-justify-xs-center-453"
    >
      <h6
        className="MuiTypography-root-394 MuiTypography-h6-411"
      >
        <a
          className="HrefLink-link-603"
          href="https://www.bancor.network/"
          rel="noopener noreferrer"
          target="_blank"
        >
          Get more TRST
        </a>
      </h6>
    </div>
  </div>
  <div
    className="Section-root-432 Section-dark-433"
    id="activities-section"
  >
    <h4
      className="MuiTypography-root-394 MuiTypography-h4-409 MuiTypography-colorSecondary-425 MuiTypography-alignCenter-417 SectionHeader-container-435"
    >
      Your Stakes
    </h4>
    <div
      className="MuiPaper-root-353 MuiPaper-elevation2-357 MuiPaper-rounded-354 YourStakesSection-paper-604"
    >
      <table
        className="MuiTable-root-611 YourStakesSection-table-605"
      >
        <thead
          className="MuiTableHead-root-612"
        >
          <tr
            className="MuiTableRow-root-613 MuiTableRow-head-616"
          >
            <th
              aria-sort={null}
              className="MuiTableCell-root-618 MuiTableCell-head-619 MuiTableCell-paddingDense-623"
              scope="col"
            >
              Cause name
            </th>
            <th
              aria-sort={null}
              className="MuiTableCell-root-618 MuiTableCell-head-619 MuiTableCell-paddingDense-623"
              scope="col"
            >
              Stake amount
            </th>
            <th
              aria-sort={null}
              className="MuiTableCell-root-618 MuiTableCell-head-619 MuiTableCell-paddingDense-623"
              scope="col"
            >
              Locked until
            </th>
            <th
              aria-sort={null}
              className="MuiTableCell-root-618 MuiTableCell-head-619 MuiTableCell-paddingDense-623"
              scope="col"
            >
              Status
            </th>
            <th
              aria-sort={null}
              className="MuiTableCell-root-618 MuiTableCell-head-619 MuiTableCell-paddingDense-623"
              scope="col"
            >
              Tx hash
            </th>
          </tr>
        </thead>
        <tbody
          className="MuiTableBody-root-630"
        >
          <tr
            className="MuiTableRow-root-613"
          >
            <td
              aria-sort={null}
              className="MuiTableCell-root-618 MuiTableCell-body-620 MuiTableCell-paddingDense-623"
              colSpan={5}
            >
              <div
                className="YourStakesSection-noActivities-608"
              >
                You have 0 transaction in Your Stakes history. 
                <a
                  href="/#main-section"
                  onClick={[Function]}
                >
                  Please stake!
                </a>
              </div>
            </td>
          </tr>
        </tbody>
      </table>
    </div>
  </div>
  <div
    className="Section-root-432 Section-light-434"
  >
    <div
      className="MuiGrid-container-436 MuiGrid-justify-xs-center-453 RankingSection-container-631"
    >
      <div
        className="MuiGrid-item-437 MuiGrid-grid-xs-12-476 MuiGrid-grid-sm-12-490 MuiGrid-grid-md-6-498 RankingSection-gridItem-632"
      >
        <div>
          <div>
            <h5
              className="MuiTypography-root-394 MuiTypography-h5-410"
            >
              Most staked Causes
            </h5>
          </div>
          <div
            className="LeaderBoard-subtitle-634"
          >
            <h6
              className="MuiTypography-root-394 MuiTypography-h6-411"
            >
              The following causes have been granted higher ranking by Trustcoin holders.
            </h6>
          </div>
          <div
            className="LeaderBoard-causesStats-635"
          >
            <div
              className="MuiPaper-root-353 MuiPaper-elevation2-357 MuiPaper-rounded-354"
            >
              <table
                className="MuiTable-root-611"
              >
                <thead
                  className="MuiTableHead-root-612"
                >
                  <tr
                    className="MuiTableRow-root-613 MuiTableRow-head-616"
                  >
                    <th
                      aria-sort={null}
                      className="MuiTableCell-root-618 MuiTableCell-head-619 MuiTableCell-paddingDense-623"
                      scope="col"
                    >
                      Rank
                    </th>
                    <th
                      aria-sort={null}
                      className="MuiTableCell-root-618 MuiTableCell-head-619 MuiTableCell-paddingDense-623"
                      scope="col"
                    >
                      Cause name
                    </th>
                    <th
                      aria-sort={null}
                      className="MuiTableCell-root-618 MuiTableCell-head-619 MuiTableCell-paddingDense-623"
                      scope="col"
                    >
                      Staked amount
                    </th>
                    <th
                      aria-sort={null}
                      className="MuiTableCell-root-618 MuiTableCell-head-619 MuiTableCell-paddingDense-623"
                      scope="col"
                    >
                      Stakers
                    </th>
                  </tr>
                </thead>
                <tbody
                  className="MuiTableBody-root-630"
                >
                  <tr
                    className="MuiTableRow-root-613"
                  >
                    <td
                      aria-sort={null}
                      className="MuiTableCell-root-618 MuiTableCell-body-620 MuiTableCell-paddingDense-623"
                      colSpan={4}
                    >
                      <div
                        className="LeaderBoard-loading-638"
                      >
                        <div
                          className="MuiCircularProgress-root-639 MuiCircularProgress-colorSecondary-643 MuiCircularProgress-indeterminate-641"
                          role="progressbar"
                          style={
                            Object {
                              "height": 40,
                              "width": 40,
                            }
                          }
                        >
                          <svg
                            className="MuiCircularProgress-svg-644"
                            viewBox="22 22 44 44"
                          >
                            <circle
                              className="MuiCircularProgress-circle-645 MuiCircularProgress-circleIndeterminate-647"
                              cx={44}
                              cy={44}
                              fill="none"
                              r={20.2}
                              strokeWidth={3.6}
                              style={Object {}}
                            />
                          </svg>
                        </div>
                      </div>
                    </td>
                  </tr>
                </tbody>
              </table>
            </div>
          </div>
        </div>
      </div>
      <div
        className="MuiGrid-item-437 MuiGrid-grid-xs-12-476 MuiGrid-grid-sm-12-490 MuiGrid-grid-md-6-498 RankingSection-gridItem-632 RankingSection-bottomItem-633"
      >
        <div>
          <div>
            <h5
              className="MuiTypography-root-394 MuiTypography-h5-410"
            >
              Nominated Causes
            </h5>
          </div>
          <div
            className="LeaderBoard-subtitle-634"
          >
            <h6
              className="MuiTypography-root-394 MuiTypography-h6-411"
            >
              The following causes have been nominated by Trustcoin holders.
            </h6>
          </div>
          <div
            className="LeaderBoard-causesStats-635"
          >
            <div
              className="MuiPaper-root-353 MuiPaper-elevation2-357 MuiPaper-rounded-354"
            >
              <table
                className="MuiTable-root-611"
              >
                <thead
                  className="MuiTableHead-root-612"
                >
                  <tr
                    className="MuiTableRow-root-613 MuiTableRow-head-616"
                  >
                    <th
                      aria-sort={null}
                      className="MuiTableCell-root-618 MuiTableCell-head-619 MuiTableCell-paddingDense-623"
                      scope="col"
                    >
                      Rank
                    </th>
                    <th
                      aria-sort={null}
                      className="MuiTableCell-root-618 MuiTableCell-head-619 MuiTableCell-paddingDense-623"
                      scope="col"
                    >
                      Cause name
                    </th>
                    <th
                      aria-sort={null}
                      className="MuiTableCell-root-618 MuiTableCell-head-619 MuiTableCell-paddingDense-623"
                      scope="col"
                    >
                      Staked amount
                    </th>
                    <th
                      aria-sort={null}
                      className="MuiTableCell-root-618 MuiTableCell-head-619 MuiTableCell-paddingDense-623"
                      scope="col"
                    >
                      Stakers
                    </th>
                  </tr>
                </thead>
                <tbody
                  className="MuiTableBody-root-630"
                >
                  <tr
                    className="MuiTableRow-root-613"
                  >
                    <td
                      aria-sort={null}
                      className="MuiTableCell-root-618 MuiTableCell-body-620 MuiTableCell-paddingDense-623"
                      colSpan={4}
                    >
                      <div
                        className="LeaderBoard-loading-638"
                      >
                        <div
                          className="MuiCircularProgress-root-639 MuiCircularProgress-colorSecondary-643 MuiCircularProgress-indeterminate-641"
                          role="progressbar"
                          style={
                            Object {
                              "height": 40,
                              "width": 40,
                            }
                          }
                        >
                          <svg
                            className="MuiCircularProgress-svg-644"
                            viewBox="22 22 44 44"
                          >
                            <circle
                              className="MuiCircularProgress-circle-645 MuiCircularProgress-circleIndeterminate-647"
                              cx={44}
                              cy={44}
                              fill="none"
                              r={20.2}
                              strokeWidth={3.6}
                              style={Object {}}
                            />
                          </svg>
                        </div>
                      </div>
                    </td>
                  </tr>
                </tbody>
              </table>
            </div>
          </div>
        </div>
      </div>
    </div>
  </div>
  <div
    className="Section-root-432 Section-dark-433"
    id="faq-section"
  >
    <h4
      className="MuiTypography-root-394 MuiTypography-h4-409 MuiTypography-colorSecondary-425 MuiTypography-alignCenter-417 SectionHeader-container-435"
    >
      FAQ
    </h4>
    <div
      className="FAQSection-container-649"
    >
      <div
        className="FAQItem-root-650"
      >
        <div
          className="FAQItem-question-653"
          onClick={[Function]}
          role="presentation"
        >
          <div
            className="MuiGrid-container-436"
          >
            <div
              className="MuiGrid-item-437 MuiGrid-grid-xs-10-474"
            >
              <h5
                className="MuiTypography-root-394 MuiTypography-h5-410"
              >
                What does 'staking TRST' mean?
              </h5>
            </div>
            <div
              className="MuiGrid-item-437 MuiGrid-grid-xs-2-466 FAQItem-gridIcon-652"
            >
              <span
                aria-hidden="true"
                className="material-icons MuiIcon-root-655"
              >
                add
              </span>
            </div>
          </div>
        </div>
        <br />
        <hr
          className="MuiDivider-root-664 FAQItem-divider-651"
        />
      </div>
      <div
        className="FAQItem-root-650"
      >
        <div
          className="FAQItem-question-653"
          onClick={[Function]}
          role="presentation"
        >
          <div
            className="MuiGrid-container-436"
          >
            <div
              className="MuiGrid-item-437 MuiGrid-grid-xs-10-474"
            >
              <h5
                className="MuiTypography-root-394 MuiTypography-h5-410"
              >
                Why would I stake TRST?
              </h5>
            </div>
            <div
              className="MuiGrid-item-437 MuiGrid-grid-xs-2-466 FAQItem-gridIcon-652"
            >
              <span
                aria-hidden="true"
                className="material-icons MuiIcon-root-655"
              >
                add
              </span>
            </div>
          </div>
        </div>
        <br />
        <hr
          className="MuiDivider-root-664 FAQItem-divider-651"
        />
      </div>
      <div
        className="FAQItem-root-650"
      >
        <div
          className="FAQItem-question-653"
          onClick={[Function]}
          role="presentation"
        >
          <div
            className="MuiGrid-container-436"
          >
            <div
              className="MuiGrid-item-437 MuiGrid-grid-xs-10-474"
            >
              <h5
                className="MuiTypography-root-394 MuiTypography-h5-410"
              >
                How does my stake benefit the organization or the crypto ecosystem?
              </h5>
            </div>
            <div
              className="MuiGrid-item-437 MuiGrid-grid-xs-2-466 FAQItem-gridIcon-652"
            >
              <span
                aria-hidden="true"
                className="material-icons MuiIcon-root-655"
              >
                add
              </span>
            </div>
          </div>
        </div>
        <br />
        <hr
          className="MuiDivider-root-664 FAQItem-divider-651"
        />
      </div>
      <div
        className="FAQItem-root-650"
      >
        <div
          className="FAQItem-question-653"
          onClick={[Function]}
          role="presentation"
        >
          <div
            className="MuiGrid-container-436"
          >
            <div
              className="MuiGrid-item-437 MuiGrid-grid-xs-10-474"
            >
              <h5
                className="MuiTypography-root-394 MuiTypography-h5-410"
              >
                When can I unstake?
              </h5>
            </div>
            <div
              className="MuiGrid-item-437 MuiGrid-grid-xs-2-466 FAQItem-gridIcon-652"
            >
              <span
                aria-hidden="true"
                className="material-icons MuiIcon-root-655"
              >
                add
              </span>
            </div>
          </div>
        </div>
        <br />
        <hr
          className="MuiDivider-root-664 FAQItem-divider-651"
        />
      </div>
    </div>
  </div>
  <div
    className="Footer-container-671"
  >
    <div
      className="Footer-wrapper-672"
    >
      <a
        className="MuiTypography-root-394 MuiTypography-body1-403 Footer-link-670"
        href="https://spring.wetrust.io"
      >
        Home
      </a>
      <a
        className="MuiTypography-root-394 MuiTypography-body1-403 Footer-link-670"
        href="https://spring.wetrust.io/causes"
      >
        Causes
      </a>
      <a
        className="MuiTypography-root-394 MuiTypography-body1-403 Footer-link-670"
        href="https://www.wetrust.io"
      >
        About us
      </a>
      <a
        className="MuiTypography-root-394 MuiTypography-body1-403 Footer-link-670"
        href="/_Crypto_Unlocked_Terms_and_Conditions_v1.2.pdf"
      >
        Terms and Conditions
      </a>
      <p
        className="MuiTypography-root-394 MuiTypography-body1-403 Footer-link-670"
        href="https://github.com/WeTrustPlatform/documents/blob/master/FinclusionLabs_PrivacyPolicy_October92018_GDPRCompliant.pdf"
      >
        Privacy Policy
      </p>
    </div>
    <div
      className="Footer-wrapper-672"
    >
      <a
        className="MuiTypography-root-394 MuiTypography-body1-403 Footer-link-670 Footer-facebook-673"
        href="https://www.facebook.com/wetrustplatform"
      >
        Facebook
      </a>
      <a
        className="MuiTypography-root-394 MuiTypography-body1-403 Footer-link-670 Footer-twitter-674"
        href="https://twitter.com/wetrustplatform"
      >
        Twitter
      </a>
      <a
        className="MuiTypography-root-394 MuiTypography-body1-403 Footer-link-670 Footer-blog-675"
        href="https://blog.wetrust.io/"
      >
        Blog
      </a>
    </div>
    <div
      className="Footer-wrapper-672"
    >
      <p
        className="MuiTypography-root-394 MuiTypography-body1-403 Footer-copyright-669"
      >
        © 2019 WeTrustPlatform - All rights reserved
      </p>
    </div>
  </div>
</div>
`;
