// Jest Snapshot v1, https://goo.gl/fbAQLP

exports[`tests snapshot 1`] = `
<div>
  <div>
    <header
      className="MuiPaper-root-340 MuiPaper-elevation4-346 MuiAppBar-root-331 MuiAppBar-positionFixed-332 MuiAppBar-colorPrimary-338 mui-fixed"
    >
      <div
        className="MuiToolbar-root-367 MuiToolbar-regular-369 MuiToolbar-gutters-368"
      >
        <div
          className="Navbar-grow-329"
        >
          <img
            alt="WeTrust"
            className="Navbar-brandImage-330"
            src="wetrust-logo.svg"
          />
        </div>
        <ul
          className="MuiList-root-377 MuiList-padding-378"
        >
          <div
            className="Web3Account-accountContainer-375"
          >
            <div
              className="Web3Account-accountImageWrapper-376"
            >
              <img
                alt="metamask fox icon"
                height={21}
                src="meta-mask-logo.png"
                width={21}
              />
            </div>
            <div>
              <p
                className="MuiTypography-root-381 MuiTypography-body1-390 Web3Account-accountText-373"
              >
                Connect to Custom network
              </p>
            </div>
          </div>
        </ul>
      </div>
    </header>
  </div>
  <div
    className="Section-root-419 Section-light-421 TopSection-root-417"
    id="top-section"
  >
    <h4
      className="MuiTypography-root-381 MuiTypography-h4-396 MuiTypography-colorSecondary-412 MuiTypography-alignCenter-404 SectionHeader-container-422"
    >
      Help curate the SPRING directory
    </h4>
    <div
      className="MuiGrid-container-423 MuiGrid-justify-xs-center-440 TopSection-container-418"
    >
      <h6
        className="MuiTypography-root-381 MuiTypography-h6-398 MuiTypography-alignCenter-404"
      >
        As a decentralized donation platform, Spring allows Trustcoin token holders to decide which causes are highly ranked, and a way to add new causes to the platform
      </h6>
    </div>
  </div>
  <div
    className="Section-root-419 Section-dark-420"
  >
    <div
      className="MuiGrid-container-423 MuiGrid-justify-xs-center-440 WhyStakingSection-container-520"
    >
      <div
        className="MuiGrid-item-424 MuiGrid-grid-xs-12-463 MuiGrid-grid-sm-12-477 MuiGrid-grid-md-4-483 WhyStakingSection-gridItem-521"
      >
        <div>
          <img
            alt="increase-your-rank"
            src="icon-increase-rank.svg"
          />
        </div>
        <br />
        <h5
          className="MuiTypography-root-381 MuiTypography-h5-397"
        >
          Increase your Rank on the SPRING directory
        </h5>
        <br />
        <h6
          className="MuiTypography-root-381 MuiTypography-h6-398"
        >
          Stake your Trustcoin to help your favorite Cause more visible on SPRING. Causes with the most stake assigned to them will receive higher ranking on SPRING.
        </h6>
      </div>
      <div
        className="MuiGrid-item-424 MuiGrid-grid-xs-12-463 MuiGrid-grid-sm-12-477 MuiGrid-grid-md-4-483 WhyStakingSection-gridItem-521 WhyStakingSection-midItem-522"
      >
        <div>
          <img
            alt="buy-trst"
            src="icon-buy-trst.svg"
          />
        </div>
        <br />
        <h5
          className="MuiTypography-root-381 MuiTypography-h5-397"
        >
          How to get Trustcoin
        </h5>
        <br />
        <h6
          className="MuiTypography-root-381 MuiTypography-h6-398"
        >
          Please visit the following to obtain Trustcoin.
        </h6>
        <br />
        <div>
          <a
            href="https://www.bancor.network/"
            rel="noopener noreferrer"
            target="_blank"
          >
            <img
              alt="bancor"
              src="bancor.png"
            />
          </a>
        </div>
      </div>
      <div
        className="MuiGrid-item-424 MuiGrid-grid-xs-12-463 MuiGrid-grid-sm-12-477 MuiGrid-grid-md-4-483 WhyStakingSection-gridItem-521"
      >
        <div>
          <img
            alt="nominate"
            src="icon-nominate.svg"
          />
        </div>
        <br />
        <h5
          className="MuiTypography-root-381 MuiTypography-h5-397"
        >
          Nominate any organization
        </h5>
        <br />
        <h6
          className="MuiTypography-root-381 MuiTypography-h6-398"
        >
          Stake your Trustcoin to nominate and reserve the top spot for your favorite Cause. Nominated Causes that have assigned Trustcoins will automatically receive preferential placement upon joining.
        </h6>
      </div>
    </div>
  </div>
  <div
    className="Section-root-419 Section-light-421"
    id="main-section"
  >
    <h4
      className="MuiTypography-root-381 MuiTypography-h4-396 MuiTypography-colorSecondary-412 MuiTypography-alignCenter-404 SectionHeader-container-422"
    >
      Start staking
    </h4>
    <div
      className="StakeNow-root-523"
    >
      <div
        aria-expanded={false}
        aria-haspopup="listbox"
        aria-labelledby="downshift-1-label"
        aria-owns={null}
        className="SearchInput-container-525"
        role="combobox"
      >
        <div
          className="MuiFormControl-root-527 MuiFormControl-marginNormal-528 MuiFormControl-fullWidth-530"
        >
          <div
            aria-activedescendant={null}
            aria-autocomplete="list"
            aria-controls={null}
            aria-labelledby="downshift-1-label"
            className="MuiInputBase-root-544 MuiInput-root-531 MuiInputBase-fullWidth-553 MuiInput-fullWidth-538 MuiInputBase-formControl-545 MuiInput-formControl-532"
            onClick={[Function]}
          >
            <input
              aria-invalid={false}
              autoComplete="off"
              className="MuiInputBase-input-554 MuiInput-input-539 MuiInputBase-inputType-557 MuiInput-inputType-542 MuiInputBase-inputTypeSearch-558 MuiInput-inputTypeSearch-543"
              disabled={false}
              id="downshift-1-input"
              onBlur={[Function]}
              onChange={[Function]}
              onFocus={[Function]}
              onKeyDown={[Function]}
              placeholder="Search cause name"
              required={false}
              type="search"
              value=""
            />
          </div>
        </div>
      </div>
      <div
        className="MuiGrid-container-423 MuiGrid-justify-xs-center-440 StakeNow-gridRowButton-524"
      >
        <div
          className="MuiGrid-item-424 MuiGrid-grid-xs-10-461 MuiGrid-grid-sm-8-473 MuiGrid-grid-md-4-483"
        >
          <button
            className="MuiButtonBase-root-587 MuiButton-root-561 MuiButton-contained-572 MuiButton-containedPrimary-573 MuiButton-raised-575 MuiButton-raisedPrimary-576 MuiButton-sizeLarge-585 MuiButton-fullWidth-586"
            disabled={false}
            onBlur={[Function]}
            onClick={[Function]}
            onContextMenu={[Function]}
            onFocus={[Function]}
            onKeyDown={[Function]}
            onKeyUp={[Function]}
            onMouseDown={[Function]}
            onMouseLeave={[Function]}
            onMouseUp={[Function]}
            onTouchEnd={[Function]}
            onTouchMove={[Function]}
            onTouchStart={[Function]}
            tabIndex="0"
            type="button"
          >
            <span
              className="MuiButton-label-562"
            >
              Stake Now
            </span>
            <span
              className="MuiTouchRipple-root-650"
            />
          </button>
        </div>
      </div>
    </div>
    <div
      className="MuiGrid-container-423 MuiGrid-justify-xs-center-440"
    >
      <h6
        className="MuiTypography-root-381 MuiTypography-h6-398"
      >
        <a
          className="HrefLink-link-590"
          href="https://www.bancor.network/"
          rel="noopener noreferrer"
          target="_blank"
        >
          Get more TRST
        </a>
      </h6>
    </div>
  </div>
  <div
    className="Section-root-419 Section-dark-420"
    id="activities-section"
  >
    <h4
      className="MuiTypography-root-381 MuiTypography-h4-396 MuiTypography-colorSecondary-412 MuiTypography-alignCenter-404 SectionHeader-container-422"
    >
      Your Stakes
    </h4>
    <div
      className="MuiPaper-root-340 MuiPaper-elevation2-344 MuiPaper-rounded-341 YourStakesSection-paper-591"
    >
      <table
        className="MuiTable-root-598 YourStakesSection-table-592"
      >
        <thead
          className="MuiTableHead-root-599"
        >
          <tr
            className="MuiTableRow-root-600 MuiTableRow-head-603"
          >
            <th
              aria-sort={null}
              className="MuiTableCell-root-605 MuiTableCell-head-606 MuiTableCell-paddingDense-610"
              scope="col"
            >
              Cause name
            </th>
            <th
              aria-sort={null}
              className="MuiTableCell-root-605 MuiTableCell-head-606 MuiTableCell-paddingDense-610"
              scope="col"
            >
              Stake amount
            </th>
            <th
              aria-sort={null}
              className="MuiTableCell-root-605 MuiTableCell-head-606 MuiTableCell-paddingDense-610"
              scope="col"
            >
              Locked until
            </th>
            <th
              aria-sort={null}
              className="MuiTableCell-root-605 MuiTableCell-head-606 MuiTableCell-paddingDense-610"
              scope="col"
            >
              Status
            </th>
            <th
              aria-sort={null}
              className="MuiTableCell-root-605 MuiTableCell-head-606 MuiTableCell-paddingDense-610"
              scope="col"
            >
              Tx hash
            </th>
          </tr>
        </thead>
        <tbody
          className="MuiTableBody-root-617"
        >
          <tr
            className="MuiTableRow-root-600"
          >
            <td
              aria-sort={null}
              className="MuiTableCell-root-605 MuiTableCell-body-607 MuiTableCell-paddingDense-610"
              colSpan={5}
            >
              <div
                className="YourStakesSection-noActivities-595"
              >
                You have 0 transaction in Your Stakes history. 
                <a
                  href="/#main-section"
                  onClick={[Function]}
                >
                  Please stake!
                </a>
              </div>
            </td>
          </tr>
        </tbody>
      </table>
    </div>
  </div>
  <div
    className="Section-root-419 Section-light-421"
  >
    <div
      className="MuiGrid-container-423 MuiGrid-justify-xs-center-440 RankingSection-container-618"
    >
      <div
        className="MuiGrid-item-424 MuiGrid-grid-xs-12-463 MuiGrid-grid-sm-12-477 MuiGrid-grid-md-6-485 RankingSection-gridItem-619"
      >
        <div>
          <div>
            <h5
              className="MuiTypography-root-381 MuiTypography-h5-397"
            >
              Most staked Causes
            </h5>
          </div>
          <div
            className="LeaderBoard-subtitle-621"
          >
            <h6
              className="MuiTypography-root-381 MuiTypography-h6-398"
            >
              The following causes have been granted higher ranking by Trustcoin holders.
            </h6>
          </div>
          <div
            className="LeaderBoard-causesStats-622"
          >
            <div
              className="MuiPaper-root-340 MuiPaper-elevation2-344 MuiPaper-rounded-341"
            >
              <table
                className="MuiTable-root-598"
              >
                <thead
                  className="MuiTableHead-root-599"
                >
                  <tr
                    className="MuiTableRow-root-600 MuiTableRow-head-603"
                  >
                    <th
                      aria-sort={null}
                      className="MuiTableCell-root-605 MuiTableCell-head-606 MuiTableCell-paddingDense-610"
                      scope="col"
                    >
                      Rank
                    </th>
                    <th
                      aria-sort={null}
                      className="MuiTableCell-root-605 MuiTableCell-head-606 MuiTableCell-paddingDense-610"
                      scope="col"
                    >
                      Cause name
                    </th>
                    <th
                      aria-sort={null}
                      className="MuiTableCell-root-605 MuiTableCell-head-606 MuiTableCell-paddingDense-610"
                      scope="col"
                    >
                      Staked amount
                    </th>
                    <th
                      aria-sort={null}
                      className="MuiTableCell-root-605 MuiTableCell-head-606 MuiTableCell-paddingDense-610"
                      scope="col"
                    >
                      Stakers
                    </th>
                  </tr>
                </thead>
                <tbody
                  className="MuiTableBody-root-617"
                />
              </table>
            </div>
          </div>
        </div>
      </div>
      <div
        className="MuiGrid-item-424 MuiGrid-grid-xs-12-463 MuiGrid-grid-sm-12-477 MuiGrid-grid-md-6-485 RankingSection-gridItem-619 RankingSection-bottomItem-620"
      >
        <div>
          <div>
            <h5
              className="MuiTypography-root-381 MuiTypography-h5-397"
            >
              Nominated Causes
            </h5>
          </div>
          <div
            className="LeaderBoard-subtitle-621"
          >
            <h6
              className="MuiTypography-root-381 MuiTypography-h6-398"
            >
              The following causes have been nominated by Trustcoin holders.
            </h6>
          </div>
          <div
            className="LeaderBoard-causesStats-622"
          >
            <div
              className="MuiPaper-root-340 MuiPaper-elevation2-344 MuiPaper-rounded-341"
            >
              <table
                className="MuiTable-root-598"
              >
                <thead
                  className="MuiTableHead-root-599"
                >
                  <tr
                    className="MuiTableRow-root-600 MuiTableRow-head-603"
                  >
                    <th
                      aria-sort={null}
                      className="MuiTableCell-root-605 MuiTableCell-head-606 MuiTableCell-paddingDense-610"
                      scope="col"
                    >
                      Rank
                    </th>
                    <th
                      aria-sort={null}
                      className="MuiTableCell-root-605 MuiTableCell-head-606 MuiTableCell-paddingDense-610"
                      scope="col"
                    >
                      Cause name
                    </th>
                    <th
                      aria-sort={null}
                      className="MuiTableCell-root-605 MuiTableCell-head-606 MuiTableCell-paddingDense-610"
                      scope="col"
                    >
                      Staked amount
                    </th>
                    <th
                      aria-sort={null}
                      className="MuiTableCell-root-605 MuiTableCell-head-606 MuiTableCell-paddingDense-610"
                      scope="col"
                    >
                      Stakers
                    </th>
                  </tr>
                </thead>
                <tbody
                  className="MuiTableBody-root-617"
                />
              </table>
            </div>
          </div>
        </div>
      </div>
    </div>
  </div>
  <div
    className="Section-root-419 Section-dark-420"
    id="faq-section"
  >
    <h4
      className="MuiTypography-root-381 MuiTypography-h4-396 MuiTypography-colorSecondary-412 MuiTypography-alignCenter-404 SectionHeader-container-422"
    >
      FAQ
    </h4>
    <div
      className="FAQSection-container-623"
    >
      <div
        className="FAQItem-root-624"
      >
        <div
          className="FAQItem-question-627"
          onClick={[Function]}
          role="presentation"
        >
          <div
            className="MuiGrid-container-423"
          >
            <div
              className="MuiGrid-item-424 MuiGrid-grid-xs-10-461"
            >
              <h5
                className="MuiTypography-root-381 MuiTypography-h5-397"
              >
                What does 'staking TRST' mean?
              </h5>
            </div>
            <div
              className="MuiGrid-item-424 MuiGrid-grid-xs-2-453 FAQItem-gridIcon-626"
            >
              <span
                aria-hidden="true"
                className="material-icons MuiIcon-root-629"
              >
                add
              </span>
            </div>
          </div>
        </div>
        <br />
        <hr
          className="MuiDivider-root-638 FAQItem-divider-625"
        />
      </div>
      <div
        className="FAQItem-root-624"
      >
        <div
          className="FAQItem-question-627"
          onClick={[Function]}
          role="presentation"
        >
          <div
            className="MuiGrid-container-423"
          >
            <div
              className="MuiGrid-item-424 MuiGrid-grid-xs-10-461"
            >
              <h5
                className="MuiTypography-root-381 MuiTypography-h5-397"
              >
                Why would I stake TRST?
              </h5>
            </div>
            <div
              className="MuiGrid-item-424 MuiGrid-grid-xs-2-453 FAQItem-gridIcon-626"
            >
              <span
                aria-hidden="true"
                className="material-icons MuiIcon-root-629"
              >
                add
              </span>
            </div>
          </div>
        </div>
        <br />
        <hr
          className="MuiDivider-root-638 FAQItem-divider-625"
        />
      </div>
      <div
        className="FAQItem-root-624"
      >
        <div
          className="FAQItem-question-627"
          onClick={[Function]}
          role="presentation"
        >
          <div
            className="MuiGrid-container-423"
          >
            <div
              className="MuiGrid-item-424 MuiGrid-grid-xs-10-461"
            >
              <h5
                className="MuiTypography-root-381 MuiTypography-h5-397"
              >
                How does my stake benefit the organization or the crypto ecosystem?
              </h5>
            </div>
            <div
              className="MuiGrid-item-424 MuiGrid-grid-xs-2-453 FAQItem-gridIcon-626"
            >
              <span
                aria-hidden="true"
                className="material-icons MuiIcon-root-629"
              >
                add
              </span>
            </div>
          </div>
        </div>
        <br />
        <hr
          className="MuiDivider-root-638 FAQItem-divider-625"
        />
      </div>
      <div
        className="FAQItem-root-624"
      >
        <div
          className="FAQItem-question-627"
          onClick={[Function]}
          role="presentation"
        >
          <div
            className="MuiGrid-container-423"
          >
            <div
              className="MuiGrid-item-424 MuiGrid-grid-xs-10-461"
            >
              <h5
                className="MuiTypography-root-381 MuiTypography-h5-397"
              >
                When can I unstake?
              </h5>
            </div>
            <div
              className="MuiGrid-item-424 MuiGrid-grid-xs-2-453 FAQItem-gridIcon-626"
            >
              <span
                aria-hidden="true"
                className="material-icons MuiIcon-root-629"
              >
                add
              </span>
            </div>
          </div>
        </div>
        <br />
        <hr
          className="MuiDivider-root-638 FAQItem-divider-625"
        />
      </div>
    </div>
  </div>
  <div
    className="Footer-container-645"
  >
    <div
      className="Footer-wrapper-646"
    >
      <a
        className="MuiTypography-root-381 MuiTypography-body1-390 Footer-link-644"
        href="https://spring.wetrust.io"
      >
        Home
      </a>
      <a
        className="MuiTypography-root-381 MuiTypography-body1-390 Footer-link-644"
        href="https://spring.wetrust.io/causes"
      >
        Causes
      </a>
      <a
        className="MuiTypography-root-381 MuiTypography-body1-390 Footer-link-644"
        href="https://www.wetrust.io"
      >
        About us
      </a>
      <a
        className="MuiTypography-root-381 MuiTypography-body1-390 Footer-link-644"
        href="/_Crypto_Unlocked_Terms_and_Conditions_v1.2.pdf"
      >
        Terms and Conditions
      </a>
      <p
        className="MuiTypography-root-381 MuiTypography-body1-390 Footer-link-644"
        href="https://github.com/WeTrustPlatform/documents/blob/master/FinclusionLabs_PrivacyPolicy_October92018_GDPRCompliant.pdf"
      >
        Privacy Policy
      </p>
    </div>
    <div
      className="Footer-wrapper-646"
    >
      <a
        className="MuiTypography-root-381 MuiTypography-body1-390 Footer-link-644 Footer-facebook-647"
        href="https://www.facebook.com/wetrustplatform"
      >
        Facebook
      </a>
      <a
        className="MuiTypography-root-381 MuiTypography-body1-390 Footer-link-644 Footer-twitter-648"
        href="https://twitter.com/wetrustplatform"
      >
        Twitter
      </a>
      <a
        className="MuiTypography-root-381 MuiTypography-body1-390 Footer-link-644 Footer-blog-649"
        href="https://blog.wetrust.io/"
      >
        Blog
      </a>
    </div>
    <div
      className="Footer-wrapper-646"
    >
      <p
        className="MuiTypography-root-381 MuiTypography-body1-390 Footer-copyright-643"
      >
        © 2019 WeTrustPlatform - All rights reserved
      </p>
    </div>
  </div>
</div>
`;
