// Jest Snapshot v1, https://goo.gl/fbAQLP

exports[`tests snapshot 1`] = `
<div>
  <div>
    <header
      className="MuiPaper-root-394 MuiPaper-elevation4-400 MuiAppBar-root-385 MuiAppBar-positionFixed-386 MuiAppBar-colorPrimary-392 mui-fixed"
    >
      <div
        className="MuiToolbar-root-421 MuiToolbar-regular-423 MuiToolbar-gutters-422"
      >
        <div
          className="Navbar-grow-383"
        >
          <img
            alt="WeTrust"
            className="Navbar-brandImage-384"
            src="logo-trimmed.png"
          />
        </div>
        <ul
          className="MuiList-root-427 MuiList-padding-428"
        >
          <li
            className="MuiListItem-root-431 MuiListItem-default-434 MuiListItem-dense-435 MuiListItem-gutters-439"
            disabled={false}
          >
            <div
              className="MuiAvatar-root-446 MuiAvatar-colorDefault-447 Web3Account-error-426"
            >
              <span
                aria-hidden="true"
                className="material-icons MuiIcon-root-449"
              >
                error_outlined
              </span>
            </div>
            <div
              className="MuiListItemText-root-458"
            >
              <span
                className="MuiTypography-root-464 MuiTypography-subheading-471 MuiListItemText-primary-461"
              >
                Please install MetaMask
              </span>
            </div>
          </li>
        </ul>
        <a
          href="/#main-section"
          onClick={[Function]}
        >
          <button
            className="MuiButtonBase-root-526 MuiButton-root-500 MuiButton-text-502 MuiButton-flat-505"
            disabled={false}
            onBlur={[Function]}
            onContextMenu={[Function]}
            onFocus={[Function]}
            onKeyDown={[Function]}
            onKeyUp={[Function]}
            onMouseDown={[Function]}
            onMouseLeave={[Function]}
            onMouseUp={[Function]}
            onTouchEnd={[Function]}
            onTouchMove={[Function]}
            onTouchStart={[Function]}
            tabIndex="0"
            type="button"
          >
            <span
              className="MuiButton-label-501"
            >
              Home
            </span>
            <span
              className="MuiTouchRipple-root-758"
            />
          </button>
        </a>
        <a
          href="/#faq-section"
          onClick={[Function]}
        >
          <button
            className="MuiButtonBase-root-526 MuiButton-root-500 MuiButton-text-502 MuiButton-flat-505"
            disabled={false}
            onBlur={[Function]}
            onContextMenu={[Function]}
            onFocus={[Function]}
            onKeyDown={[Function]}
            onKeyUp={[Function]}
            onMouseDown={[Function]}
            onMouseLeave={[Function]}
            onMouseUp={[Function]}
            onTouchEnd={[Function]}
            onTouchMove={[Function]}
            onTouchStart={[Function]}
            tabIndex="0"
            type="button"
          >
            <span
              className="MuiButton-label-501"
            >
              FAQ
            </span>
            <span
              className="MuiTouchRipple-root-758"
            />
          </button>
        </a>
      </div>
    </header>
  </div>
  <div
    className="Section-root-530 Section-light-532 MainSection-container-529"
    id="main-section"
  >
    <div
      className="MuiGrid-container-533 MuiGrid-align-items-xs-flex-start-542 MuiGrid-justify-xs-center-550"
    >
      <div
        className="MuiGrid-item-534 MuiGrid-grid-xs-12-573 MuiGrid-grid-sm-12-587 MuiGrid-grid-md-12-601 MuiGrid-grid-lg-8-611"
      >
        <h2
          className="MuiTypography-root-464 MuiTypography-h2-477 MuiTypography-alignCenter-487"
        >
          Stake your TRST
        </h2>
        <div
          className="StakeNow-root-630"
        >
          <div
            className="MuiGrid-container-533 MuiGrid-justify-xs-center-550"
          >
            <div
              className="MuiGrid-item-534 MuiGrid-grid-xs-12-573 MuiGrid-grid-sm-12-587 MuiGrid-grid-md-6-595 StakeNow-input-631"
            >
              <div>
                <div
                  className="MuiFormControl-root-634 MuiFormControl-marginNormal-635 MuiFormControl-fullWidth-637"
                >
                  <label
                    className="MuiFormLabel-root-649 MuiFormLabel-filled-653 MuiInputLabel-root-638 MuiInputLabel-formControl-643 MuiInputLabel-animated-646 MuiInputLabel-shrink-645"
                    data-shrink={true}
                  >
                    Enter an amount
                  </label>
                  <div
                    className="MuiInputBase-root-669 MuiInput-root-656 MuiInput-underline-660 MuiInputBase-fullWidth-678 MuiInput-fullWidth-663 MuiInputBase-formControl-670 MuiInput-formControl-657 MuiInputBase-adornedStart-673"
                    onClick={[Function]}
                  >
                    <div
                      className="MuiInputAdornment-root-686 MuiInputAdornment-positionStart-688"
                    >
                      <p
                        className="MuiTypography-root-464 MuiTypography-body1-473 MuiTypography-colorTextSecondary-497"
                      >
                        TRST
                      </p>
                    </div>
                    <input
                      aria-invalid={false}
                      className="MuiInputBase-input-679 MuiInput-input-664 MuiInputBase-inputType-682 MuiInput-inputType-667 MuiInputBase-inputAdornedStart-684"
                      disabled={false}
                      onBlur={[Function]}
                      onChange={[Function]}
                      onFocus={[Function]}
                      required={false}
                      type="number"
                      value={100}
                    />
                  </div>
                </div>
              </div>
            </div>
            <div
              className="MuiGrid-item-534 MuiGrid-grid-xs-12-573 MuiGrid-grid-sm-12-587 MuiGrid-grid-md-6-595 StakeNow-input-631"
            >
              <div>
                <div
                  className="MuiFormControl-root-634 MuiFormControl-marginNormal-635 MuiFormControl-fullWidth-637"
                >
                  <label
                    className="MuiFormLabel-root-649 MuiFormLabel-filled-653 MuiInputLabel-root-638 MuiInputLabel-formControl-643 MuiInputLabel-animated-646 MuiInputLabel-shrink-645"
                    data-shrink={true}
                  >
                    Select a lock-up duration
                  </label>
                  <div
                    className="MuiInputBase-root-669 MuiInput-root-656 MuiInput-underline-660 MuiInputBase-fullWidth-678 MuiInput-fullWidth-663 MuiInputBase-formControl-670 MuiInput-formControl-657 MuiInputBase-adornedStart-673"
                    onClick={[Function]}
                  >
                    <div
                      className="MuiInputAdornment-root-686 MuiInputAdornment-positionStart-688"
                    >
                      <p
                        className="MuiTypography-root-464 MuiTypography-body1-473 MuiTypography-colorTextSecondary-497"
                      >
                        Duration
                      </p>
                    </div>
                    <div
                      className="MuiSelect-root-691"
                    >
                      <select
                        aria-invalid={false}
                        className="MuiSelect-select-692 MuiInputBase-input-679 MuiInput-input-664 MuiInputBase-inputAdornedStart-684"
                        disabled={false}
                        multiple={false}
                        onBlur={[Function]}
                        onChange={[Function]}
                        onFocus={[Function]}
                        required={false}
                        value={30}
                      >
                        <option
                          value={30}
                        >
                          30 days
                        </option>
                        <option
                          value={180}
                        >
                          180 days
                        </option>
                        <option
                          value={365}
                        >
                          365 days
                        </option>
                      </select>
                      <svg
                        aria-hidden="true"
                        className="MuiSvgIcon-root-698 MuiSelect-icon-697"
                        focusable="false"
                        role="presentation"
                        viewBox="0 0 24 24"
                      >
                        <path
                          d="M7 10l5 5 5-5z"
                        />
                      </svg>
                    </div>
                  </div>
                </div>
              </div>
            </div>
          </div>
          <div
            aria-expanded={false}
            aria-haspopup="listbox"
            aria-labelledby="downshift-1-label"
            aria-owns={null}
            className="SearchInput-root-707"
            role="combobox"
          >
            <div
              aria-activedescendant={null}
              aria-autocomplete="list"
              aria-controls={null}
              aria-labelledby="downshift-1-label"
              className="MuiFormControl-root-634 MuiFormControl-marginNormal-635 MuiFormControl-fullWidth-637"
              onKeyDown={[Function]}
            >
              <label
                className="MuiFormLabel-root-649 MuiInputLabel-root-638 MuiInputLabel-formControl-643 MuiInputLabel-animated-646 MuiInputLabel-shrink-645"
                data-shrink={true}
                htmlFor="downshift-1-input"
              >
                Enter your favorite non-profit's name
              </label>
              <div
                className="MuiInputBase-root-669 MuiInput-root-656 MuiInput-underline-660 MuiInputBase-fullWidth-678 MuiInput-fullWidth-663 MuiInputBase-formControl-670 MuiInput-formControl-657 MuiInputBase-adornedStart-673"
                onClick={[Function]}
              >
                <div
                  className="MuiInputAdornment-root-686 MuiInputAdornment-positionStart-688"
                >
                  <span
                    aria-hidden="true"
                    className="material-icons MuiIcon-root-449"
                  >
                    search
                  </span>
                </div>
                <input
                  aria-invalid={false}
                  autoComplete="off"
                  className="MuiInputBase-input-679 MuiInput-input-664 MuiInputBase-inputType-682 MuiInput-inputType-667 MuiInputBase-inputTypeSearch-683 MuiInput-inputTypeSearch-668 MuiInputBase-inputAdornedStart-684"
                  disabled={false}
                  id="downshift-1-input"
                  onBlur={[Function]}
                  onChange={[Function]}
                  onFocus={[Function]}
                  required={false}
                  type="search"
                  value=""
                />
              </div>
            </div>
          </div>
          <div
            style={
              Object {
                "visibility": "hidden",
              }
            }
          >
            <ul
              className="MuiList-root-427 MuiList-padding-428"
            >
              <li
                className="MuiListItem-root-431 MuiListItem-default-434 MuiListItem-gutters-439"
                disabled={false}
              >
                <div
                  className="MuiListItemText-root-458"
                >
                  <span
                    className="MuiTypography-root-464 MuiTypography-subheading-471 MuiListItemText-primary-461"
                  >
                    EIN: undefined.
              Location: undefined, undefined, undefined
                  </span>
                </div>
              </li>
            </ul>
          </div>
          <div
            className="MuiGrid-container-533 MuiGrid-justify-xs-center-550 StakeNow-buttonGrid-633"
          >
            <div
              className="MuiGrid-item-534 MuiGrid-grid-sm-6-581 MuiGrid-grid-md-3-592 StakeNow-button-632"
            >
              <button
                className="MuiButtonBase-root-526 MuiButton-root-500 MuiButton-contained-511 MuiButton-containedPrimary-512 MuiButton-raised-514 MuiButton-raisedPrimary-515 MuiButton-fullWidth-525"
                disabled={false}
                onBlur={[Function]}
                onClick={[Function]}
                onContextMenu={[Function]}
                onFocus={[Function]}
                onKeyDown={[Function]}
                onKeyUp={[Function]}
                onMouseDown={[Function]}
                onMouseLeave={[Function]}
                onMouseUp={[Function]}
                onTouchEnd={[Function]}
                onTouchMove={[Function]}
                onTouchStart={[Function]}
                tabIndex="0"
                type="button"
              >
                <span
                  className="MuiButton-label-501"
                >
                  Stake Now
                </span>
                <span
                  className="MuiTouchRipple-root-758"
                />
              </button>
            </div>
            <div
              className="MuiGrid-item-534 MuiGrid-grid-sm-6-581 MuiGrid-grid-md-3-592 StakeNow-button-632"
            >
              <a
                href="/#faq-section"
                onClick={[Function]}
              >
                <button
                  className="MuiButtonBase-root-526 MuiButton-root-500 MuiButton-text-502 MuiButton-flat-505 MuiButtonBase-root-526 MuiButton-root-500 MuiButton-contained-511 MuiButton-raised-514 MuiButton-fullWidth-525"
                  disabled={false}
                  onBlur={[Function]}
                  onContextMenu={[Function]}
                  onFocus={[Function]}
                  onKeyDown={[Function]}
                  onKeyUp={[Function]}
                  onMouseDown={[Function]}
                  onMouseLeave={[Function]}
                  onMouseUp={[Function]}
                  onTouchEnd={[Function]}
                  onTouchMove={[Function]}
                  onTouchStart={[Function]}
                  role="button"
                  tabIndex="0"
                  type="button"
                >
                  <span
                    className="MuiButton-label-501"
                  >
                    <span
                      className="MuiButton-label-501"
                    >
                      Learn more
                    </span>
                    <span
                      className="MuiTouchRipple-root-758"
                    />
                  </span>
                  <span
                    className="MuiTouchRipple-root-758"
                  />
                </button>
              </a>
            </div>
          </div>
        </div>
      </div>
      <div
        className="MuiGrid-item-534 MuiGrid-grid-xs-12-573 MuiGrid-grid-sm-8-583 MuiGrid-grid-md-6-595 MuiGrid-grid-lg-4-607"
      >
        <div
          className="Dashboard-root-709"
        >
          <div
            className="MuiPaper-root-394 MuiPaper-elevation1-397 MuiPaper-rounded-395 MuiCard-root-713 NumberCard-root-710"
          >
            <div
              className="MuiCardContent-root-714"
            >
              <h6
                className="MuiTypography-root-464 MuiTypography-h6-481 MuiTypography-colorSecondary-495 MuiTypography-gutterBottom-491"
              >
                Current Stakes
              </h6>
              <h5
                className="MuiTypography-root-464 MuiTypography-h5-480 NumberCard-primaryText-711"
              >
                <span
                  className="NumberCard-span-712"
                >
                  0
                </span>
                <span
                  className="NumberCard-span-712"
                >
                  <img
                    alt="TRST"
                    className="TRSTIcon-icon-715"
                    src="trst.png"
                  />
                </span>
              </h5>
            </div>
          </div>
          <div
            className="MuiPaper-root-394 MuiPaper-elevation1-397 MuiPaper-rounded-395 MuiCard-root-713 NumberCard-root-710"
          >
            <div
              className="MuiCardContent-root-714"
            >
              <h6
                className="MuiTypography-root-464 MuiTypography-h6-481 MuiTypography-colorSecondary-495 MuiTypography-gutterBottom-491"
              >
                Average stake
              </h6>
              <h5
                className="MuiTypography-root-464 MuiTypography-h5-480 NumberCard-primaryText-711"
              >
                <span
                  className="NumberCard-span-712"
                >
                  0
                </span>
                <span
                  className="NumberCard-span-712"
                >
                  <img
                    alt="TRST"
                    className="TRSTIcon-icon-715"
                    src="trst.png"
                  />
                </span>
              </h5>
            </div>
          </div>
          <div
            className="MuiPaper-root-394 MuiPaper-elevation1-397 MuiPaper-rounded-395 MuiCard-root-713 NumberCard-root-710"
          >
            <div
              className="MuiCardContent-root-714"
            >
              <h6
                className="MuiTypography-root-464 MuiTypography-h6-481 MuiTypography-colorSecondary-495 MuiTypography-gutterBottom-491"
              >
                Current stakers
              </h6>
              <h5
                className="MuiTypography-root-464 MuiTypography-h5-480 NumberCard-primaryText-711"
              >
                <span
                  className="NumberCard-span-712"
                >
                  0
                </span>
                <span
                  className="NumberCard-span-712"
                >
                  <span
                    aria-hidden="true"
                    className="material-icons MuiIcon-root-449"
                  >
                    people
                  </span>
                </span>
              </h5>
            </div>
          </div>
        </div>
      </div>
    </div>
  </div>
  <div
    className="Section-root-530 Section-dark-531"
    id="activities-section"
  >
    <h3
      className="MuiTypography-root-464 MuiTypography-h3-478 MuiTypography-colorSecondary-495 MuiTypography-alignCenter-487 SectionHeader-container-721"
    >
      Activities
    </h3>
    <div
      className="MuiPaper-root-394 MuiPaper-elevation2-398 MuiPaper-rounded-395 ActivitiesSection-root-716"
    >
      <table
        className="MuiTable-root-722 ActivitiesSection-table-717"
      >
        <thead
          className="MuiTableHead-root-723"
        >
          <tr
            className="MuiTableRow-root-724 MuiTableRow-head-727"
          >
            <th
              aria-sort={null}
              className="MuiTableCell-root-729 MuiTableCell-head-730"
              scope="col"
            >
              NPO Name
            </th>
            <th
              aria-sort={null}
              className="MuiTableCell-root-729 MuiTableCell-head-730"
              scope="col"
            >
              Amount (TRST)
            </th>
            <th
              aria-sort={null}
              className="MuiTableCell-root-729 MuiTableCell-head-730"
              scope="col"
            >
              Locked Until
            </th>
            <th
              aria-sort={null}
              className="MuiTableCell-root-729 MuiTableCell-head-730"
              scope="col"
            >
              Action
            </th>
            <th
              aria-sort={null}
              className="MuiTableCell-root-729 MuiTableCell-head-730"
              scope="col"
            >
              Transaction Hash
            </th>
          </tr>
        </thead>
        <tbody
          className="MuiTableBody-root-741"
        >
          <tr
            className="MuiTableRow-root-724"
          >
            <td
              aria-sort={null}
              className="MuiTableCell-root-729 MuiTableCell-body-731"
              colSpan={5}
            >
              <div
                className="ActivitiesSection-noActivities-719"
              >
                It looks so empty.
                 
                <a
                  href="/#main-section"
                  onClick={[Function]}
                >
                  Please stake!
                </a>
              </div>
            </td>
          </tr>
        </tbody>
      </table>
    </div>
  </div>
  <div
    className="Section-root-530 Section-light-532"
  >
    <h3
      className="MuiTypography-root-464 MuiTypography-h3-478 MuiTypography-colorSecondary-495 MuiTypography-alignCenter-487 SectionHeader-container-721"
    >
      Don't have TRST?
    </h3>
    <div
      className="BuyTRSTSection-container-742"
    >
      <button
        className="MuiButtonBase-root-526 MuiButton-root-500 MuiButton-contained-511 MuiButton-containedPrimary-512 MuiButton-raised-514 MuiButton-raisedPrimary-515"
        disabled={false}
        onBlur={[Function]}
        onClick={[Function]}
        onContextMenu={[Function]}
        onFocus={[Function]}
        onKeyDown={[Function]}
        onKeyUp={[Function]}
        onMouseDown={[Function]}
        onMouseLeave={[Function]}
        onMouseUp={[Function]}
        onTouchEnd={[Function]}
        onTouchMove={[Function]}
        onTouchStart={[Function]}
        tabIndex="0"
        type="button"
      >
        <span
          className="MuiButton-label-501"
        >
          Buy TRST with your Credit Card
        </span>
        <span
          className="MuiTouchRipple-root-758"
        />
      </button>
    </div>
  </div>
  <div
    className="Section-root-530 Section-dark-531"
    id="faq-section"
  >
    <h3
      className="MuiTypography-root-464 MuiTypography-h3-478 MuiTypography-colorSecondary-495 MuiTypography-alignCenter-487 SectionHeader-container-721"
    >
      FAQ
    </h3>
    <div
      className="FAQSection-container-743"
    >
      <div
        className="FAQItem-root-744"
      >
        <div
          className="FAQItem-question-747"
          onClick={[Function]}
          role="presentation"
        >
          <div
            className="MuiGrid-container-533"
          >
            <div
              className="MuiGrid-item-534 MuiGrid-grid-xs-10-571"
            >
              <h6
                className="MuiTypography-root-464 MuiTypography-h6-481"
              >
                What does 'staking TRST' mean?
              </h6>
            </div>
            <div
              className="MuiGrid-item-534 MuiGrid-grid-xs-2-563 FAQItem-gridIcon-746"
            >
              <span
                aria-hidden="true"
                className="material-icons MuiIcon-root-449"
              >
                add
              </span>
            </div>
          </div>
        </div>
        <br />
        <hr
          className="MuiDivider-root-749 FAQItem-divider-745"
        />
      </div>
      <div
        className="FAQItem-root-744"
      >
        <div
          className="FAQItem-question-747"
          onClick={[Function]}
          role="presentation"
        >
          <div
            className="MuiGrid-container-533"
          >
            <div
              className="MuiGrid-item-534 MuiGrid-grid-xs-10-571"
            >
              <h6
                className="MuiTypography-root-464 MuiTypography-h6-481"
              >
                Why would I stake TRST?
              </h6>
            </div>
            <div
              className="MuiGrid-item-534 MuiGrid-grid-xs-2-563 FAQItem-gridIcon-746"
            >
              <span
                aria-hidden="true"
                className="material-icons MuiIcon-root-449"
              >
                add
              </span>
            </div>
          </div>
        </div>
        <br />
        <hr
          className="MuiDivider-root-749 FAQItem-divider-745"
        />
      </div>
      <div
        className="FAQItem-root-744"
      >
        <div
          className="FAQItem-question-747"
          onClick={[Function]}
          role="presentation"
        >
          <div
            className="MuiGrid-container-533"
          >
            <div
              className="MuiGrid-item-534 MuiGrid-grid-xs-10-571"
            >
              <h6
                className="MuiTypography-root-464 MuiTypography-h6-481"
              >
                How does my stake benefit the organization or the crypto ecosystem?
              </h6>
            </div>
            <div
              className="MuiGrid-item-534 MuiGrid-grid-xs-2-563 FAQItem-gridIcon-746"
            >
              <span
                aria-hidden="true"
                className="material-icons MuiIcon-root-449"
              >
                add
              </span>
            </div>
          </div>
        </div>
        <br />
        <hr
          className="MuiDivider-root-749 FAQItem-divider-745"
        />
      </div>
      <div
        className="FAQItem-root-744"
      >
        <div
          className="FAQItem-question-747"
          onClick={[Function]}
          role="presentation"
        >
          <div
            className="MuiGrid-container-533"
          >
            <div
              className="MuiGrid-item-534 MuiGrid-grid-xs-10-571"
            >
              <h6
                className="MuiTypography-root-464 MuiTypography-h6-481"
              >
                When can I unstake?
              </h6>
            </div>
            <div
              className="MuiGrid-item-534 MuiGrid-grid-xs-2-563 FAQItem-gridIcon-746"
            >
              <span
                aria-hidden="true"
                className="material-icons MuiIcon-root-449"
              >
                add
              </span>
            </div>
          </div>
        </div>
        <br />
        <hr
          className="MuiDivider-root-749 FAQItem-divider-745"
        />
      </div>
    </div>
  </div>
  <div
    className="Section-root-530 Section-light-532"
  >
    <div
      className="MuiGrid-container-533 MuiGrid-align-items-xs-center-541 MuiGrid-justify-xs-center-550"
    >
      <div
        className="MuiGrid-item-534 SocialMedia-item-755"
      >
        <a
          className="SocialMedia-href-756"
          href="https://www.facebook.com/wetrustplatform"
          rel="noopener noreferrer"
          target="_blank"
        >
          <span
            aria-hidden="true"
            className="material-icons MuiIcon-root-449 SocialMedia-fab-757 fab fa-facebook"
          />
        </a>
      </div>
      <div
        className="MuiGrid-item-534 SocialMedia-item-755"
      >
        <a
          className="SocialMedia-href-756"
          href="https://www.reddit.com/r/WeTrustPlatform"
          rel="noopener noreferrer"
          target="_blank"
        >
          <span
            aria-hidden="true"
            className="material-icons MuiIcon-root-449 SocialMedia-fab-757 fab fa-reddit"
          />
        </a>
      </div>
      <div
        className="MuiGrid-item-534 SocialMedia-item-755"
      >
        <a
          className="SocialMedia-href-756"
          href="https://twitter.com/wetrustplatform"
          rel="noopener noreferrer"
          target="_blank"
        >
          <span
            aria-hidden="true"
            className="material-icons MuiIcon-root-449 SocialMedia-fab-757 fab fa-twitter"
          />
        </a>
      </div>
      <div
        className="MuiGrid-item-534 SocialMedia-item-755"
      >
        <a
          className="SocialMedia-href-756"
          href="https://github.com/wetrustplatform"
          rel="noopener noreferrer"
          target="_blank"
        >
          <span
            aria-hidden="true"
            className="material-icons MuiIcon-root-449 SocialMedia-fab-757 fab fa-github"
          />
        </a>
      </div>
      <div
        className="MuiGrid-item-534 SocialMedia-item-755"
      >
        <a
          className="SocialMedia-href-756"
          href="https://medium.com/wetrust-blog"
          rel="noopener noreferrer"
          target="_blank"
        >
          <span
            aria-hidden="true"
            className="material-icons MuiIcon-root-449 SocialMedia-fab-757 fab fa-medium"
          />
        </a>
      </div>
    </div>
    <div
      className="Footer-copyright-754"
    >
      <p
        className="MuiTypography-root-464 MuiTypography-body1-473"
      >
        © 2018 WeTrustPlatform. All rights reserved.
      </p>
    </div>
  </div>
</div>
`;
